// Jest Snapshot v1, https://goo.gl/fbAQLP

exports[`SideNavFooter should render 1`] = `
.c0 {
  color: #999;
}

@media screen and (max-height:765px) {
  .c0 {
    width: 150px;
  }
}

<div
  className="c0"
>
  <a
    href="mailto:support@v360energy.com"
  >
    Help centre
  </a>
  <div>
    Powered by
  </div>
  <a
    href="https://v360energy.com"
    rel="noopener noreferrer"
    target="_blank"
  >
    v360energy
  </a>
</div>
`;
